------------------------------------------------------------
TimeQuest Timing Analyzer Summary
------------------------------------------------------------

Type  : Slow Model Setup 'ESTADO_ATUAL.DI'
Slack : -5.928
TNS   : -88.700

Type  : Slow Model Setup 'OP_CODE'
Slack : -3.700
TNS   : -52.134

Type  : Slow Model Setup 'ID[0]'
Slack : -0.331
TNS   : -1.956

Type  : Slow Model Setup 'CLOCK'
Slack : -0.240
TNS   : -0.548

Type  : Slow Model Hold 'CLOCK'
Slack : -2.378
TNS   : -2.378

Type  : Slow Model Hold 'ID[0]'
Slack : -1.238
TNS   : -35.224

Type  : Slow Model Hold 'ESTADO_ATUAL.DI'
Slack : 0.498
TNS   : 0.000

Type  : Slow Model Hold 'OP_CODE'
Slack : 1.624
TNS   : 0.000

Type  : Slow Model Minimum Pulse Width 'CLOCK'
Slack : -1.380
TNS   : -6.380

Type  : Slow Model Minimum Pulse Width 'ID[0]'
Slack : -1.380
TNS   : -1.380

Type  : Slow Model Minimum Pulse Width 'OP_CODE'
Slack : -1.380
TNS   : -1.380

Type  : Slow Model Minimum Pulse Width 'ESTADO_ATUAL.DI'
Slack : 0.500
TNS   : 0.000

Type  : Fast Model Setup 'ESTADO_ATUAL.DI'
Slack : -2.450
TNS   : -22.776

Type  : Fast Model Setup 'OP_CODE'
Slack : -1.053
TNS   : -14.999

Type  : Fast Model Setup 'ID[0]'
Slack : 0.312
TNS   : 0.000

Type  : Fast Model Setup 'CLOCK'
Slack : 0.334
TNS   : 0.000

Type  : Fast Model Hold 'CLOCK'
Slack : -1.537
TNS   : -1.790

Type  : Fast Model Hold 'ID[0]'
Slack : -0.752
TNS   : -24.340

Type  : Fast Model Hold 'ESTADO_ATUAL.DI'
Slack : -0.007
TNS   : -0.007

Type  : Fast Model Hold 'OP_CODE'
Slack : 0.669
TNS   : 0.000

Type  : Fast Model Minimum Pulse Width 'CLOCK'
Slack : -1.380
TNS   : -6.380

Type  : Fast Model Minimum Pulse Width 'ID[0]'
Slack : -1.380
TNS   : -1.380

Type  : Fast Model Minimum Pulse Width 'OP_CODE'
Slack : -1.380
TNS   : -1.380

Type  : Fast Model Minimum Pulse Width 'ESTADO_ATUAL.DI'
Slack : 0.500
TNS   : 0.000

------------------------------------------------------------
