------------------------------------------------------------
TimeQuest Timing Analyzer Summary
------------------------------------------------------------

Type  : Slow Model Setup 'MEIO_CLOCK'
Slack : -3.327
TNS   : -275.617

Type  : Slow Model Setup 'CLOCK'
Slack : 3.626
TNS   : 0.000

Type  : Slow Model Hold 'CLOCK'
Slack : -3.356
TNS   : -3.356

Type  : Slow Model Hold 'MEIO_CLOCK'
Slack : 0.516
TNS   : 0.000

Type  : Slow Model Minimum Pulse Width 'CLOCK'
Slack : -1.380
TNS   : -2.380

Type  : Slow Model Minimum Pulse Width 'MEIO_CLOCK'
Slack : -0.500
TNS   : -221.000

Type  : Fast Model Setup 'MEIO_CLOCK'
Slack : -1.021
TNS   : -62.036

Type  : Fast Model Setup 'CLOCK'
Slack : 2.217
TNS   : 0.000

Type  : Fast Model Hold 'CLOCK'
Slack : -1.837
TNS   : -1.837

Type  : Fast Model Hold 'MEIO_CLOCK'
Slack : 0.236
TNS   : 0.000

Type  : Fast Model Minimum Pulse Width 'CLOCK'
Slack : -1.380
TNS   : -2.380

Type  : Fast Model Minimum Pulse Width 'MEIO_CLOCK'
Slack : -0.500
TNS   : -221.000

------------------------------------------------------------
